<html>
<body>
<pre>
<h1>µVision Build Log</h1>
<h2>Tool Versions:</h2>
IDE-Version: ¦ÌVision V5.25.2.0
Copyright (C) 2018 ARM Ltd and ARM Germany GmbH. All rights reserved.
License Information: bruce fshqss@live.com, xlxd, LIC=2TTBS-LTANN-AUX4J-UBIQU-21WVV-78P10
 
Tool Versions:
Toolchain:       MDK-ARM Professional  Version: 5.25.2.0
Toolchain Path:  d:\Keil_v5\ARM\ARMCC\Bin
C Compiler:      Armcc.exe V5.06 update 6 (build 750)
Assembler:       Armasm.exe V5.06 update 6 (build 750)
Linker/Locator:  ArmLink.exe V5.06 update 6 (build 750)
Library Manager: ArmAr.exe V5.06 update 6 (build 750)
Hex Converter:   FromElf.exe V5.06 update 6 (build 750)
CPU DLL:         SARMCM3.DLL V5.25.2.0
Dialog DLL:      DCM.DLL V1.17.1.0
Target DLL:      Segger\JL2CM3.dll V2.99.29.0
Dialog DLL:      TCM.DLL V1.35.1.0
 
<h2>Project:</h2>
E:\WorkSpace\keil\entrance\GD32F10x_Firmware_Library_V2.3.0\Template\Keil5_project\Project.uvprojx
Project File Date:  10/27/2024

<h2>Output:</h2>
*** Using Compiler 'V5.06 update 6 (build 750)', folder: 'd:\Keil_v5\ARM\ARMCC\Bin'
Rebuild target 'GD32F10X_CL'
compiling gd32f10x_it.c...
compiling gd32f10x_dac.c...
compiling systick.c...
compiling gd32f10x_crc.c...
compiling main.c...
compiling gd32f10x_bkp.c...
compiling gd32f10x_dbg.c...
compiling system_gd32f10x.c...
compiling gd32f10x_adc.c...
compiling gd32f10x_dma.c...
compiling gd32f10x_can.c...
compiling gd32f10x_exmc.c...
compiling gd32f10x_exti.c...
compiling gd32f10x_gpio.c...
compiling gd32f10x_misc.c...
compiling gd32f10x_fwdgt.c...
compiling gd32f10x_fmc.c...
compiling gd32f10x_i2c.c...
compiling gd32f10x_pmu.c...
compiling gd32f10x_rtc.c...
compiling gd32f10x_enet.c...
compiling gd32f10x_rcu.c...
assembling startup_gd32f10x_cl.s...
compiling gd32f10x_sdio.c...
compiling gd32f10x_spi.c...
compiling gd32f10x_usart.c...
compiling gd32f10x_wwdgt.c...
compiling gd32f10x_timer.c...
compiling gd32f10x_eval.c...
linking...
Program Size: Code=3720 RO-data=368 RW-data=144 ZI-data=1024  
".\output\Project.axf" - 0 Error(s), 0 Warning(s).

<h2>Software Packages used:</h2>

Package Vendor: GigaDevice
                https://gd32mcu.com/data/documents/pack/GigaDevice.GD32F10x_DFP.2.3.0.pack
                GigaDevice.GD32F10x_DFP.2.3.0
                GigaDevice GD32F10x Series Device Support and Examples

<h2>Collection of Component include folders:</h2>
  .\RTE\_GD32F10X_CL
  d:\Keil_v5\ARM\PACK\GigaDevice\GD32F10x_DFP\2.3.0\Device\Include

<h2>Collection of Component Files used:</h2>
Build Time Elapsed:  00:00:02
</pre>
</body>
</html>
